// Jest Snapshot v1, https://goo.gl/fbAQLP

exports[`the function to progress the Paths object in the state should progress some basic paths as it has done previously 1`] = `
Object {
  "allIds": Array [
    "0",
    "1",
  ],
  "byId": Object {
    "0": Object {
      "id": "0",
      "path": Array [
        Array [
          152,
          100,
        ],
        Array [
          151,
          100,
        ],
      ],
    },
    "1": Object {
      "id": "1",
      "path": Array [
        Array [
          148,
          100,
        ],
        Array [
          149,
          100,
        ],
      ],
    },
  },
}
`;
